current directory: /Users/miruru/my/FBC/fjord-books_app-2023/vendor/bundle/ruby/3.2.0/gems/better_html-2.0.2/ext/better_html_ext
/Users/miruru/.rbenv/versions/3.2.2/bin/ruby extconf.rb
creating Makefile

current directory: /Users/miruru/my/FBC/fjord-books_app-2023/vendor/bundle/ruby/3.2.0/gems/better_html-2.0.2/ext/better_html_ext
make DESTDIR\= sitearchdir\=./.gem.20250518-29662-mtrgw9 sitelibdir\=./.gem.20250518-29662-mtrgw9 clean

current directory: /Users/miruru/my/FBC/fjord-books_app-2023/vendor/bundle/ruby/3.2.0/gems/better_html-2.0.2/ext/better_html_ext
make DESTDIR\= sitearchdir\=./.gem.20250518-29662-mtrgw9 sitelibdir\=./.gem.20250518-29662-mtrgw9
compiling html_tokenizer.c
compiling parser.c
parser.c:459:45: warning: implicit conversion loses integer precision: 'unsigned long' to 'int' [-Wshorten-64-to-32]
  459 |       INT2NUM(ref.line_number), INT2NUM(ref.column_number));
      |                                 ~~~~~~~ ~~~~^~~~~~~~~~~~~
parser.c:459:19: warning: implicit conversion loses integer precision: 'unsigned long' to 'int' [-Wshorten-64-to-32]
  459 |       INT2NUM(ref.line_number), INT2NUM(ref.column_number));
      |       ~~~~~~~ ~~~~^~~~~~~~~~~
parser.c:458:51: warning: implicit conversion loses integer precision: 'unsigned long' to 'int' [-Wshorten-64-to-32]
  458 |       INT2NUM(ref.mb_start), INT2NUM(ref.mb_start + mb_strlen),
      |                              ~~~~~~~ ~~~~~~~~~~~~~^~~~~~~~~~~
parser.c:458:19: warning: implicit conversion loses integer precision: 'unsigned long' to 'int' [-Wshorten-64-to-32]
  458 |       INT2NUM(ref.mb_start), INT2NUM(ref.mb_start + mb_strlen),
      |       ~~~~~~~ ~~~~^~~~~~~~
parser.c:498:9: warning: unused variable 'old' [-Wunused-variable]
  498 |   void *old = parser->doc.data;
      |         ^~~
parser.c:721:26: warning: implicit conversion loses integer precision: 'size_t' (aka 'unsigned long') to 'int' [-Wshorten-64-to-32]
  721 |   return INT2NUM(parser->errors_count);
      |          ~~~~~~~ ~~~~~~~~^~~~~~~~~~~~
6 warnings generated.
compiling tokenizer.c
tokenizer.c:138:106: warning: implicit conversion loses integer precision: 'unsigned long' to 'int' [-Wshorten-64-to-32]
  138 |   rb_yield_values(3, token_type_to_symbol(type), INT2NUM(tk->scan.mb_cursor), INT2NUM(tk->scan.mb_cursor + mb_length));
      |                                                                               ~~~~~~~ ~~~~~~~~~~~~~~~~~~~^~~~~~~~~~~
tokenizer.c:138:67: warning: implicit conversion loses integer precision: 'unsigned long' to 'int' [-Wshorten-64-to-32]
  138 |   rb_yield_values(3, token_type_to_symbol(type), INT2NUM(tk->scan.mb_cursor), INT2NUM(tk->scan.mb_cursor + mb_length));
      |                                                  ~~~~~~~ ~~~~~~~~~^~~~~~~~~
tokenizer.c:467:9: warning: variable 'old' set but not used [-Wunused-but-set-variable]
  467 |   void *old;
      |         ^
tokenizer.c:669:15: warning: unused variable 'old' [-Wunused-variable]
  669 |   const char *old = tk->scan.string;
      |               ^~~
4 warnings generated.
linking shared-object better_html_ext.bundle
ld: warning: ignoring duplicate libraries: '-lruby.3.2'

current directory: /Users/miruru/my/FBC/fjord-books_app-2023/vendor/bundle/ruby/3.2.0/gems/better_html-2.0.2/ext/better_html_ext
make DESTDIR\= sitearchdir\=./.gem.20250518-29662-mtrgw9 sitelibdir\=./.gem.20250518-29662-mtrgw9 install
/usr/bin/install -c -m 0755 better_html_ext.bundle ./.gem.20250518-29662-mtrgw9

current directory: /Users/miruru/my/FBC/fjord-books_app-2023/vendor/bundle/ruby/3.2.0/gems/better_html-2.0.2/ext/better_html_ext
make DESTDIR\= sitearchdir\=./.gem.20250518-29662-mtrgw9 sitelibdir\=./.gem.20250518-29662-mtrgw9 clean
